c3r3p3% pwd
/nfs/homes/sde-melo/test/42
c3r3p3% 
c3r3p3% git status
On branch master

No commits yet

Untracked files:
  (use "git add <file>..." to include in what will be committed)
        oi.txt

nothing added to commit but untracked files present (use "git add" to track)
c3r3p3% 
c3r3p3% git add
Nothing specified, nothing added.
Maybe you wanted to say 'git add .'?
c3r3p3% git add .
c3r3p3% git status
On branch master

No commits yet

Changes to be committed:
  (use "git rm --cached <file>..." to unstage)
        new file:   oi.txt

c3r3p3% git commit -m "teste"
[master (root-commit) e19cefd] teste
 1 file changed, 1 insertion(+)
 create mode 100644 oi.txt
c3r3p3% git push
Enumerating objects: 3, done.
Counting objects: 100% (3/3), done.
Writing objects: 100% (3/3), 209 bytes | 17.00 KiB/s, done.
Total 3 (delta 0), reused 0 (delta 0)
To github.com:fmelosor/42.git
 * [new branch]      master -> master
c3r3p3% 
